// Jest Snapshot v1, https://goo.gl/fbAQLP

exports[`TodoList component Should render TodoList component 1`] = `
ShallowWrapper {
  "length": 1,
  Symbol(enzyme.__root__): [Circular],
  Symbol(enzyme.__unrendered__): <TodoList
    todos={
        Array [
            Object {
              "completed": false,
              "id": 1,
              "text": "todo 1",
            },
            Object {
              "completed": true,
              "id": 2,
              "text": "todo 2",
            },
          ]
    }
/>,
  Symbol(enzyme.__renderer__): Object {
    "batchedUpdates": [Function],
    "getNode": [Function],
    "render": [Function],
    "simulateEvent": [Function],
    "unmount": [Function],
  },
  Symbol(enzyme.__node__): Object {
    "instance": null,
    "key": undefined,
    "nodeType": "host",
    "props": Object {
      "children": Array [
        <Todo
          completed={false}
          id={1}
          onClick={[Function]}
          text="todo 1"
/>,
        <Todo
          completed={true}
          id={2}
          onClick={[Function]}
          text="todo 2"
/>,
      ],
    },
    "ref": null,
    "rendered": Array [
      Object {
        "instance": null,
        "key": "1",
        "nodeType": "function",
        "props": Object {
          "completed": false,
          "id": 1,
          "onClick": [Function],
          "text": "todo 1",
        },
        "ref": null,
        "rendered": null,
        "type": [Function],
      },
      Object {
        "instance": null,
        "key": "2",
        "nodeType": "function",
        "props": Object {
          "completed": true,
          "id": 2,
          "onClick": [Function],
          "text": "todo 2",
        },
        "ref": null,
        "rendered": null,
        "type": [Function],
      },
    ],
    "type": "ul",
  },
  Symbol(enzyme.__nodes__): Array [
    Object {
      "instance": null,
      "key": undefined,
      "nodeType": "host",
      "props": Object {
        "children": Array [
          <Todo
            completed={false}
            id={1}
            onClick={[Function]}
            text="todo 1"
/>,
          <Todo
            completed={true}
            id={2}
            onClick={[Function]}
            text="todo 2"
/>,
        ],
      },
      "ref": null,
      "rendered": Array [
        Object {
          "instance": null,
          "key": "1",
          "nodeType": "function",
          "props": Object {
            "completed": false,
            "id": 1,
            "onClick": [Function],
            "text": "todo 1",
          },
          "ref": null,
          "rendered": null,
          "type": [Function],
        },
        Object {
          "instance": null,
          "key": "2",
          "nodeType": "function",
          "props": Object {
            "completed": true,
            "id": 2,
            "onClick": [Function],
            "text": "todo 2",
          },
          "ref": null,
          "rendered": null,
          "type": [Function],
        },
      ],
      "type": "ul",
    },
  ],
  Symbol(enzyme.__options__): Object {
    "adapter": ReactSixteenAdapter {
      "options": Object {
        "enableComponentDidUpdateOnSetState": true,
      },
    },
  },
}
`;
